
Memory Configuration

Name             Origin             Length             Attributes
FLASH            0x08000000         0x00020000         xr
SRAM             0x20000000         0x00008000         xrw
*default*        0x00000000         0xffffffff

Linker script and memory map


.text           0x20000000      0x398
 *(.main_sec)
 .main_sec      0x20000000       0x9c main.o
                0x20000000                main
 *(.text)
 .text          0x2000009c      0x2fc main.o
                0x2000009c                sleep
                0x200000cc                PortConfig
                0x20000128                ClkConfig
                0x20000194                set_ram_vt
                0x2000020c                SysTick_Handler
                0x20000228                TimerConfig
                0x2000028c                TIMER1_Handler
                0x200002c0                EXTINT4_Handler
                0x200002dc                uart_init
                0x20000360                UART2_Handler

.rodata         0x20000398        0xe
 .rodata        0x20000398        0xe main.o

.glue_7         0x200003a8        0x0
 .glue_7        0x200003a8        0x0 linker stubs

.glue_7t        0x200003a8        0x0
 .glue_7t       0x200003a8        0x0 linker stubs

.vfp11_veneer   0x200003a8        0x0
 .vfp11_veneer  0x200003a8        0x0 linker stubs

.v4_bx          0x200003a8        0x0
 .v4_bx         0x200003a8        0x0 linker stubs

.iplt           0x200003a8        0x0
 .iplt          0x200003a8        0x0 main.o

.rel.dyn        0x200003a8        0x0
 .rel.iplt      0x200003a8        0x0 main.o

.data           0x200003a6        0x0
 *(.data)
 .data          0x200003a6        0x0 main.o

.igot.plt       0x200003a8        0x0
 .igot.plt      0x200003a8        0x0 main.o

.bss            0x20000400      0x1c0
 *(.bss)
 .bss           0x20000400      0x1c0 main.o
                0x20000400                system_time
                0x20000404                address
                0x20000500                table_interrupt_vector
LOAD main.o
OUTPUT(blink.elf elf32-littlearm)

.debug_info     0x00000000      0x965
 .debug_info    0x00000000      0x965 main.o

.debug_abbrev   0x00000000      0x1b3
 .debug_abbrev  0x00000000      0x1b3 main.o

.debug_aranges  0x00000000       0x28
 .debug_aranges
                0x00000000       0x28 main.o

.debug_ranges   0x00000000       0x18
 .debug_ranges  0x00000000       0x18 main.o

.debug_line     0x00000000      0x156
 .debug_line    0x00000000      0x156 main.o

.debug_str      0x00000000      0x4cd
 .debug_str     0x00000000      0x4cd main.o
                                0x502 (size before relaxing)

.comment        0x00000000       0x6e
 .comment       0x00000000       0x6e main.o
                                 0x6f (size before relaxing)

.ARM.attributes
                0x00000000       0x33
 .ARM.attributes
                0x00000000       0x33 main.o

.debug_frame    0x00000000      0x180
 .debug_frame   0x00000000      0x180 main.o
