
Memory Configuration

Name             Origin             Length             Attributes
FLASH            0x08000000         0x00020000         xr
SRAM             0x20000000         0x00008000         xrw
*default*        0x00000000         0xffffffff

Linker script and memory map


.text           0x20000000       0x9c
 *(.text)
 .text          0x20000000       0x9c main.o
                0x20000000                main
                0x20000048                PortConfig

.glue_7         0x2000009c        0x0
 .glue_7        0x2000009c        0x0 linker stubs

.glue_7t        0x2000009c        0x0
 .glue_7t       0x2000009c        0x0 linker stubs

.vfp11_veneer   0x2000009c        0x0
 .vfp11_veneer  0x2000009c        0x0 linker stubs

.v4_bx          0x2000009c        0x0
 .v4_bx         0x2000009c        0x0 linker stubs

.iplt           0x2000009c        0x0
 .iplt          0x2000009c        0x0 main.o

.rel.dyn        0x2000009c        0x0
 .rel.iplt      0x2000009c        0x0 main.o

.data           0x2000009c        0x0
 *(.data)
 .data          0x2000009c        0x0 main.o

.igot.plt       0x2000009c        0x0
 .igot.plt      0x2000009c        0x0 main.o

.bss            0x2000009c        0x8
 *(.bss)
 .bss           0x2000009c        0x8 main.o
                0x2000009c                Current_Led
                0x200000a0                i
LOAD main.o
OUTPUT(blink.elf elf32-littlearm)

.debug_info     0x00000000      0x1ec
 .debug_info    0x00000000      0x1ec main.o

.debug_abbrev   0x00000000       0xd9
 .debug_abbrev  0x00000000       0xd9 main.o

.debug_aranges  0x00000000       0x20
 .debug_aranges
                0x00000000       0x20 main.o

.debug_line     0x00000000       0xcc
 .debug_line    0x00000000       0xcc main.o

.debug_str      0x00000000      0x1ca
 .debug_str     0x00000000      0x1ca main.o
                                0x1e3 (size before relaxing)

.comment        0x00000000       0x6e
 .comment       0x00000000       0x6e main.o
                                 0x6f (size before relaxing)

.ARM.attributes
                0x00000000       0x33
 .ARM.attributes
                0x00000000       0x33 main.o

.debug_frame    0x00000000       0x4c
 .debug_frame   0x00000000       0x4c main.o
