
Memory Configuration

Name             Origin             Length             Attributes
FLASH            0x08000000         0x00020000         xr
SRAM             0x20000000         0x00008000         xrw
*default*        0x00000000         0xffffffff

Linker script and memory map


.text           0x20000000     0x1284
 *(.main_sec)
 .main_sec      0x20000000      0x1f8 main.o
                0x20000000                main
 *(.text)
 .text          0x200001f8       0xf0 main.o
                0x20000210                dac_init
                0x2000023c                TIMER3_Handler
 .text          0x200002e8      0x8cc dsp.o
                0x200002e8                mycos
                0x200002f8                mysin
                0x2000030c                reg_init
                0x20000318                reg_update
                0x20000344                dot3
                0x20000364                abc_to_dq
                0x200003e0                dq_to_abc
                0x2000045c                cord_atan
                0x200005c4                sinpwm
                0x20000794                svpwm
                0x20000a88                get_speed
                0x20000acc                mfilter
                0x20000af4                rfilter1
                0x20000b54                rfilter2
 .text          0x20000bb4        0x0 cos_tb.o
 .text          0x20000bb4      0x140 adc_dma.o
                0x20000bb4                adc_init
                0x20000c04                dma_init
                0x20000c80                adc_dma_init
                0x20000c90                adc_dma_start
                0x20000cb8                adc_dma_wait
 .text          0x20000cf4      0x4a8 system.o
                0x20000d24                sleep
                0x20000d54                PortConfig
                0x20000eb8                ClkConfig
                0x20000f24                TimerConfig
                0x20001104                set_ram_vt
                0x20001168                system_init
                0x20001180                SysTick_Handler
 .text          0x2000119c       0xe8 encoder.o
                0x2000119c                encoder_init
                0x200011e0                b2g
                0x200011fc                g2b
                0x20001230                encoder_crc

.rodata         0x20001284     0x1040
 .rodata        0x20001284       0x40 dsp.o
 .rodata        0x200012c4     0x1000 cos_tb.o
                0x200012c4                cos_tb

.glue_7         0x200022c4        0x0
 .glue_7        0x200022c4        0x0 linker stubs

.glue_7t        0x200022c4        0x0
 .glue_7t       0x200022c4        0x0 linker stubs

.vfp11_veneer   0x200022c4        0x0
 .vfp11_veneer  0x200022c4        0x0 linker stubs

.v4_bx          0x200022c4        0x0
 .v4_bx         0x200022c4        0x0 linker stubs

.iplt           0x200022c4        0x0
 .iplt          0x200022c4        0x0 main.o

.rel.dyn        0x200022c4        0x0
 .rel.iplt      0x200022c4        0x0 main.o

.data           0x200022c4        0x0
 *(.data)
 .data          0x200022c4        0x0 main.o
 .data          0x200022c4        0x0 dsp.o
 .data          0x200022c4        0x0 cos_tb.o
 .data          0x200022c4        0x0 adc_dma.o
 .data          0x200022c4        0x0 system.o
 .data          0x200022c4        0x0 encoder.o

.igot.plt       0x200022c4        0x0
 .igot.plt      0x200022c4        0x0 main.o

.bss            0x20002300      0x2c4
 *(.bss)
 .bss           0x20002300        0x0 main.o
 .bss           0x20002300       0xb0 dsp.o
 .bss           0x200023b0        0x0 cos_tb.o
 .bss           0x200023b0        0x0 adc_dma.o
 *fill*         0x200023b0       0x50 
 .bss           0x20002400      0x1c0 system.o
                0x20002400                system_time
                0x20002500                table_interrupt_vector
 .bss           0x200025c0        0x4 encoder.o

.dma_sec        0x200025c4      0x45c
                0x20002800                . = ALIGN (0x400)
 *fill*         0x200025c4      0x23c 
 *(.dma_sec)
 .dma_sec       0x20002800      0x220 adc_dma.o
                0x20002800                dma_ctr_str
                0x20002a00                adc_dma_buffer
LOAD main.o
LOAD dsp.o
LOAD cos_tb.o
LOAD adc_dma.o
LOAD system.o
LOAD encoder.o
OUTPUT(blink.elf elf32-littlearm)

.debug_info     0x00000000     0x1f4b
 .debug_info    0x00000000      0x6d2 main.o
 .debug_info    0x000006d2      0x962 dsp.o
 .debug_info    0x00001034       0x97 cos_tb.o
 .debug_info    0x000010cb      0x3cb adc_dma.o
 .debug_info    0x00001496      0x83b system.o
 .debug_info    0x00001cd1      0x27a encoder.o

.debug_abbrev   0x00000000      0x86a
 .debug_abbrev  0x00000000      0x178 main.o
 .debug_abbrev  0x00000178      0x255 dsp.o
 .debug_abbrev  0x000003cd       0x75 cos_tb.o
 .debug_abbrev  0x00000442      0x10e adc_dma.o
 .debug_abbrev  0x00000550      0x218 system.o
 .debug_abbrev  0x00000768      0x102 encoder.o

.debug_aranges  0x00000000       0xc0
 .debug_aranges
                0x00000000       0x28 main.o
 .debug_aranges
                0x00000028       0x20 dsp.o
 .debug_aranges
                0x00000048       0x18 cos_tb.o
 .debug_aranges
                0x00000060       0x20 adc_dma.o
 .debug_aranges
                0x00000080       0x20 system.o
 .debug_aranges
                0x000000a0       0x20 encoder.o

.debug_ranges   0x00000000      0x138
 .debug_ranges  0x00000000       0x18 main.o
 .debug_ranges  0x00000018      0x120 dsp.o

.debug_line     0x00000000      0x84d
 .debug_line    0x00000000      0x145 main.o
 .debug_line    0x00000145      0x385 dsp.o
 .debug_line    0x000004ca       0x66 cos_tb.o
 .debug_line    0x00000530       0xde adc_dma.o
 .debug_line    0x0000060e      0x152 system.o
 .debug_line    0x00000760       0xed encoder.o

.debug_str      0x00000000      0x9d0
 .debug_str     0x00000000      0x398 main.o
                                0x3cc (size before relaxing)
 .debug_str     0x00000398      0x121 dsp.o
                                0x1cd (size before relaxing)
 .debug_str     0x000004b9        0x9 cos_tb.o
                                0x114 (size before relaxing)
 .debug_str     0x000004c2      0x22b adc_dma.o
                                0x3fc (size before relaxing)
 .debug_str     0x000006ed      0x2c0 system.o
                                0x596 (size before relaxing)
 .debug_str     0x000009ad       0x23 encoder.o
                                0x1e4 (size before relaxing)

.comment        0x00000000       0x6e
 .comment       0x00000000       0x6e main.o
                                 0x6f (size before relaxing)
 .comment       0x0000006e       0x6f dsp.o
 .comment       0x0000006e       0x6f cos_tb.o
 .comment       0x0000006e       0x6f adc_dma.o
 .comment       0x0000006e       0x6f system.o
 .comment       0x0000006e       0x6f encoder.o

.ARM.attributes
                0x00000000       0x33
 .ARM.attributes
                0x00000000       0x33 main.o
 .ARM.attributes
                0x00000033       0x33 dsp.o
 .ARM.attributes
                0x00000066       0x33 cos_tb.o
 .ARM.attributes
                0x00000099       0x33 adc_dma.o
 .ARM.attributes
                0x000000cc       0x33 system.o
 .ARM.attributes
                0x000000ff       0x33 encoder.o

.debug_frame    0x00000000      0x568
 .debug_frame   0x00000000      0x12c main.o
 .debug_frame   0x0000012c      0x1c8 dsp.o
 .debug_frame   0x000002f4       0xac adc_dma.o
 .debug_frame   0x000003a0      0x120 system.o
 .debug_frame   0x000004c0       0xa8 encoder.o

.debug_loc      0x00000000     0x1b42
 .debug_loc     0x00000000     0x1b42 dsp.o
