
Memory Configuration

Name             Origin             Length             Attributes
FLASH            0x08000000         0x00020000         xr
SRAM             0x20000000         0x00008000         xrw
*default*        0x00000000         0xffffffff

Linker script and memory map


.text           0x20000000     0x1674
 *(.main_sec)
 .main_sec      0x20000000      0x2e8 main.o
                0x20000000                main
 *(.text)
 .text          0x200002e8      0x300 main.o
                0x200002e8                sleep
                0x20000318                ssi_init
                0x2000035c                b2g
                0x20000378                g2b
                0x200003ac                enc_crc
                0x20000400                dac_init
                0x20000444                TIMER1_Handler
                0x2000045c                TIMER3_Handler
                0x20000478                get_phase
                0x200005d0                update_refposition
 .text          0x200005e8      0x8d4 dsp.o
                0x200005e8                mycos
                0x200005f8                mysin
                0x2000060c                reg_init
                0x20000618                reg_update
                0x20000644                dot3
                0x20000664                abc_to_dq
                0x200006e0                dq_to_abc
                0x2000075c                cord_atan
                0x200008c4                sinpwm
                0x20000a94                svpwm
                0x20000d88                encoder_init
                0x20000d94                get_speed
                0x20000dd8                mfilter
                0x20000dfc                rfilter1
                0x20000e5c                rfilter2
 .text          0x20000ebc        0x0 cos_tb.o
 .text          0x20000ebc      0x140 adc_dma.o
                0x20000ebc                adc_init
                0x20000f0c                dma_init
                0x20000f88                adc_dma_init
                0x20000f98                adc_dma_start
                0x20000fc0                adc_dma_wait
 .text          0x20000ffc      0x678 system.o
                0x2000102c                PortConfig
                0x200011fc                ClkConfig
                0x20001268                TimerConfig
                0x200014a4                set_ram_vt
                0x2000151c                uart_init
                0x200015b8                system_init
                0x200015d4                SysTick_Handler
                0x200015f0                UART1_Handler

.rodata         0x20001674     0x1040
 .rodata        0x20001674       0x40 dsp.o
 .rodata        0x200016b4     0x1000 cos_tb.o
                0x200016b4                cos_tb

.glue_7         0x200026b4        0x0
 .glue_7        0x200026b4        0x0 linker stubs

.glue_7t        0x200026b4        0x0
 .glue_7t       0x200026b4        0x0 linker stubs

.vfp11_veneer   0x200026b4        0x0
 .vfp11_veneer  0x200026b4        0x0 linker stubs

.v4_bx          0x200026b4        0x0
 .v4_bx         0x200026b4        0x0 linker stubs

.iplt           0x200026b4        0x0
 .iplt          0x200026b4        0x0 main.o

.rel.dyn        0x200026b4        0x0
 .rel.iplt      0x200026b4        0x0 main.o

.data           0x200026b4        0x0
 *(.data)
 .data          0x200026b4        0x0 main.o
 .data          0x200026b4        0x0 dsp.o
 .data          0x200026b4        0x0 cos_tb.o
 .data          0x200026b4        0x0 adc_dma.o
 .data          0x200026b4        0x0 system.o

.igot.plt       0x200026b4        0x0
 .igot.plt      0x200026b4        0x0 main.o

.bss            0x20002700     0x12d4
 *(.bss)
 .bss           0x20002700       0x40 main.o
                0x20002700                refpos
                0x20002704                reflinpos
                0x20002708                startlinpos
                0x2000270c                startphase
                0x20002710                linpos
                0x20002714                tcnt
                0x20002718                tpll
                0x2000271c                fpll
                0x20002720                ttlm
                0x20002724                position
                0x20002728                encoder_code
                0x2000272c                pcurrent
                0x20002730                telemetry
                0x20002738                porta_readbuffer
 .bss           0x20002740     0x102c dsp.o
 .bss           0x2000376c        0x0 cos_tb.o
 .bss           0x2000376c        0x0 adc_dma.o
 *fill*         0x2000376c       0x94 
 .bss           0x20003800      0x1d4 system.o
                0x20003800                system_time
                0x20003900                table_interrupt_vector
                0x200039c0                uart_buf
                0x200039d0                uart_rxidx

.dma_sec        0x200039d4      0x44c
                0x20003c00                . = ALIGN (0x400)
 *fill*         0x200039d4      0x22c 
 *(.dma_sec)
 .dma_sec       0x20003c00      0x220 adc_dma.o
                0x20003c00                dma_ctr_str
                0x20003e00                adc_dma_buffer
LOAD main.o
LOAD dsp.o
LOAD cos_tb.o
LOAD adc_dma.o
LOAD system.o
OUTPUT(blink.elf elf32-littlearm)

.debug_info     0x00000000     0x214c
 .debug_info    0x00000000      0x99f main.o
 .debug_info    0x0000099f      0x987 dsp.o
 .debug_info    0x00001326       0x97 cos_tb.o
 .debug_info    0x000013bd      0x3cb adc_dma.o
 .debug_info    0x00001788      0x9c4 system.o

.debug_abbrev   0x00000000      0x87a
 .debug_abbrev  0x00000000      0x26f main.o
 .debug_abbrev  0x0000026f      0x246 dsp.o
 .debug_abbrev  0x000004b5       0x75 cos_tb.o
 .debug_abbrev  0x0000052a      0x10e adc_dma.o
 .debug_abbrev  0x00000638      0x242 system.o

.debug_aranges  0x00000000       0xa0
 .debug_aranges
                0x00000000       0x28 main.o
 .debug_aranges
                0x00000028       0x20 dsp.o
 .debug_aranges
                0x00000048       0x18 cos_tb.o
 .debug_aranges
                0x00000060       0x20 adc_dma.o
 .debug_aranges
                0x00000080       0x20 system.o

.debug_ranges   0x00000000      0x138
 .debug_ranges  0x00000000       0x18 main.o
 .debug_ranges  0x00000018      0x120 dsp.o

.debug_line     0x00000000      0x81e
 .debug_line    0x00000000      0x1d7 main.o
 .debug_line    0x000001d7      0x383 dsp.o
 .debug_line    0x0000055a       0x66 cos_tb.o
 .debug_line    0x000005c0       0xde adc_dma.o
 .debug_line    0x0000069e      0x180 system.o

.debug_str      0x00000000      0xad2
 .debug_str     0x00000000      0x461 main.o
                                0x4c2 (size before relaxing)
 .debug_str     0x00000461      0x12e dsp.o
                                0x1da (size before relaxing)
 .debug_str     0x0000058f        0x9 cos_tb.o
                                0x114 (size before relaxing)
 .debug_str     0x00000598      0x22b adc_dma.o
                                0x3fc (size before relaxing)
 .debug_str     0x000007c3      0x30f system.o
                                0x612 (size before relaxing)

.comment        0x00000000       0x6e
 .comment       0x00000000       0x6e main.o
                                 0x6f (size before relaxing)
 .comment       0x0000006e       0x6f dsp.o
 .comment       0x0000006e       0x6f cos_tb.o
 .comment       0x0000006e       0x6f adc_dma.o
 .comment       0x0000006e       0x6f system.o

.ARM.attributes
                0x00000000       0x33
 .ARM.attributes
                0x00000000       0x33 main.o
 .ARM.attributes
                0x00000033       0x33 dsp.o
 .ARM.attributes
                0x00000066       0x33 cos_tb.o
 .ARM.attributes
                0x00000099       0x33 adc_dma.o
 .ARM.attributes
                0x000000cc       0x33 system.o

.debug_frame    0x00000000      0x60c
 .debug_frame   0x00000000      0x248 main.o
 .debug_frame   0x00000248      0x1d8 dsp.o
 .debug_frame   0x00000420       0xac adc_dma.o
 .debug_frame   0x000004cc      0x140 system.o

.debug_loc      0x00000000     0x1b6f
 .debug_loc     0x00000000     0x1b6f dsp.o
