
Memory Configuration

Name             Origin             Length             Attributes
FLASH            0x08000000         0x00020000         xr
SRAM             0x20000000         0x00008000         xrw
*default*        0x00000000         0xffffffff

Linker script and memory map


.text           0x20000000      0x518
 *(.main_sec)
 .main_sec      0x20000000       0xb0 main.o
                0x20000000                main
 *(.text)
 .text          0x200000b0      0x468 main.o
                0x20000188                sleep
                0x200001b8                PortConfig
                0x2000029c                ssi_init
                0x200002e0                b2g
                0x200002fc                g2b
                0x20000330                adc_init
                0x20000360                dac_init
                0x2000038c                ClkConfig
                0x20000400                set_ram_vt
                0x20000464                SysTick_Handler
                0x20000480                TimerConfig
                0x200004e4                TIMER1_Handler

.glue_7         0x20000518        0x0
 .glue_7        0x20000518        0x0 linker stubs

.glue_7t        0x20000518        0x0
 .glue_7t       0x20000518        0x0 linker stubs

.vfp11_veneer   0x20000518        0x0
 .vfp11_veneer  0x20000518        0x0 linker stubs

.v4_bx          0x20000518        0x0
 .v4_bx         0x20000518        0x0 linker stubs

.iplt           0x20000518        0x0
 .iplt          0x20000518        0x0 main.o

.rel.dyn        0x20000518        0x0
 .rel.iplt      0x20000518        0x0 main.o

.data           0x20000518        0x0
 *(.data)
 .data          0x20000518        0x0 main.o

.igot.plt       0x20000518        0x0
 .igot.plt      0x20000518        0x0 main.o

.bss            0x20000600      0x1c0
 *(.bss)
 .bss           0x20000600      0x1c0 main.o
                0x20000600                system_time
                0x20000700                table_interrupt_vector
LOAD main.o
OUTPUT(blink.elf elf32-littlearm)

.debug_info     0x00000000      0xb61
 .debug_info    0x00000000      0xb61 main.o

.debug_abbrev   0x00000000      0x275
 .debug_abbrev  0x00000000      0x275 main.o

.debug_aranges  0x00000000       0x28
 .debug_aranges
                0x00000000       0x28 main.o

.debug_ranges   0x00000000       0x18
 .debug_ranges  0x00000000       0x18 main.o

.debug_line     0x00000000      0x191
 .debug_line    0x00000000      0x191 main.o

.debug_str      0x00000000      0x6c4
 .debug_str     0x00000000      0x6c4 main.o
                                0x6f7 (size before relaxing)

.comment        0x00000000       0x6e
 .comment       0x00000000       0x6e main.o
                                 0x6f (size before relaxing)

.ARM.attributes
                0x00000000       0x33
 .ARM.attributes
                0x00000000       0x33 main.o

.debug_frame    0x00000000      0x25c
 .debug_frame   0x00000000      0x25c main.o
