
Memory Configuration

Name             Origin             Length             Attributes
FLASH            0x08000000         0x00020000         xr
SRAM             0x20000000         0x00008000         xrw
*default*        0x00000000         0xffffffff

Linker script and memory map


.text           0x20000000     0x1d9c
 *(.main_sec)
 .main_sec      0x20000000      0x3a0 main.o
                0x20000000                main
 *(.text)
 .text          0x200003a0      0x928 main.o
                0x20000440                sleep
                0x20000470                ssi_init
                0x200004b4                b2g
                0x200004d0                g2b
                0x20000504                enc_crc
                0x20000558                dac_init
                0x2000059c                ADC_Handler
                0x200005b0                TIMER1_Handler
                0x200005c8                TIMER3_Handler
                0x200005e4                get_phase
                0x200007cc                update_refposition
                0x20000924                fault_positioning_proc
                0x20000940                remote_positioning_proc
                0x20000988                wait_for_launch_proc
                0x200009e4                wait_positioning_proc
                0x20000c20                start_positioning_proc
 .text          0x20000cc8      0x898 dsp.o
                0x20000cc8                mycos
                0x20000cd8                mysin
                0x20000cec                reg_init
                0x20000cf8                reg_update
                0x20000d24                dot3
                0x20000d44                abc_to_dq
                0x20000dc0                dq_to_abc
                0x20000e3c                cord_atan
                0x20000fa4                sinpwm
                0x20001174                svpwm
                0x20001470                encoder_init
                0x2000147c                get_speed
                0x200014c0                rfilter1
                0x20001510                rfilter2
 .text          0x20001560        0x0 cos_tb.o
 .text          0x20001560      0x144 adc_dma.o
                0x20001560                adc_init
                0x200015b0                dma_init
                0x2000162c                adc_dma_init
                0x2000163c                adc_dma_start
                0x20001668                adc_dma_wait
 .text          0x200016a4      0x6f8 system.o
                0x200016d4                PortConfig
                0x20001894                ClkConfig
                0x20001900                TimerConfig
                0x20001bc0                set_ram_vt
                0x20001c44                uart_init
                0x20001ce0                system_init
                0x20001cfc                SysTick_Handler
                0x20001d18                UART1_Handler

.rodata         0x20001d9c     0x1040
 .rodata        0x20001d9c       0x40 dsp.o
 .rodata        0x20001ddc     0x1000 cos_tb.o
                0x20001ddc                cos_tb

.glue_7         0x20002ddc        0x0
 .glue_7        0x20002ddc        0x0 linker stubs

.glue_7t        0x20002ddc        0x0
 .glue_7t       0x20002ddc        0x0 linker stubs

.vfp11_veneer   0x20002ddc        0x0
 .vfp11_veneer  0x20002ddc        0x0 linker stubs

.v4_bx          0x20002ddc        0x0
 .v4_bx         0x20002ddc        0x0 linker stubs

.iplt           0x20002ddc        0x0
 .iplt          0x20002ddc        0x0 main.o

.rel.dyn        0x20002ddc        0x0
 .rel.iplt      0x20002ddc        0x0 main.o

.data           0x20002ddc        0x0
 *(.data)
 .data          0x20002ddc        0x0 main.o
 .data          0x20002ddc        0x0 dsp.o
 .data          0x20002ddc        0x0 cos_tb.o
 .data          0x20002ddc        0x0 adc_dma.o
 .data          0x20002ddc        0x0 system.o

.igot.plt       0x20002ddc        0x0
 .igot.plt      0x20002ddc        0x0 main.o

.bss            0x20002e00      0x2d4
 *(.bss)
 .bss           0x20002e00       0xa4 main.o
                0x20002e00                refpos
                0x20002e04                reflinpos
                0x20002e08                startlinpos
                0x20002e0c                zerolinpos
                0x20002e10                startphase
                0x20002e14                linpos
                0x20002e18                tcnt
                0x20002e1c                tpll
                0x20002e20                fpll
                0x20002e24                ttlm
                0x20002e28                position
                0x20002e2c                zerophase
                0x20002e30                encoder_code
                0x20002e34                pcurrent
                0x20002e3c                control_word
                0x20002e3d                status_word
                0x20002e40                position_proc
                0x20002e94                telemetry
 .bss           0x20002ea4       0x2c dsp.o
                0x20002ea4                mag_current
 .bss           0x20002ed0        0x0 cos_tb.o
 .bss           0x20002ed0        0x0 adc_dma.o
 *fill*         0x20002ed0       0x30 
 .bss           0x20002f00      0x1d4 system.o
                0x20002f00                system_time
                0x20003000                table_interrupt_vector
                0x200030c0                uart_buf
                0x200030d0                uart_rxidx

.dma_sec        0x200030d4      0x54c
                0x20003400                . = ALIGN (0x400)
 *fill*         0x200030d4      0x32c 
 *(.dma_sec)
 .dma_sec       0x20003400      0x220 adc_dma.o
                0x20003400                dma_ctr_str
                0x20003600                adc_dma_buffer
LOAD main.o
LOAD dsp.o
LOAD cos_tb.o
LOAD adc_dma.o
LOAD system.o
OUTPUT(blink.elf elf32-littlearm)

.debug_info     0x00000000     0x25f5
 .debug_info    0x00000000      0xe9f main.o
 .debug_info    0x00000e9f      0x930 dsp.o
 .debug_info    0x000017cf       0x97 cos_tb.o
 .debug_info    0x00001866      0x3cb adc_dma.o
 .debug_info    0x00001c31      0x9c4 system.o

.debug_abbrev   0x00000000      0x935
 .debug_abbrev  0x00000000      0x319 main.o
 .debug_abbrev  0x00000319      0x257 dsp.o
 .debug_abbrev  0x00000570       0x75 cos_tb.o
 .debug_abbrev  0x000005e5      0x10e adc_dma.o
 .debug_abbrev  0x000006f3      0x242 system.o

.debug_aranges  0x00000000       0xa0
 .debug_aranges
                0x00000000       0x28 main.o
 .debug_aranges
                0x00000028       0x20 dsp.o
 .debug_aranges
                0x00000048       0x18 cos_tb.o
 .debug_aranges
                0x00000060       0x20 adc_dma.o
 .debug_aranges
                0x00000080       0x20 system.o

.debug_ranges   0x00000000      0x138
 .debug_ranges  0x00000000       0x18 main.o
 .debug_ranges  0x00000018      0x120 dsp.o

.debug_line     0x00000000      0x923
 .debug_line    0x00000000      0x2d7 main.o
 .debug_line    0x000002d7      0x37d dsp.o
 .debug_line    0x00000654       0x66 cos_tb.o
 .debug_line    0x000006ba       0xdf adc_dma.o
 .debug_line    0x00000799      0x18a system.o

.debug_str      0x00000000      0xc2c
 .debug_str     0x00000000      0x69a main.o
                                0x700 (size before relaxing)
 .debug_str     0x0000069a      0x132 dsp.o
                                0x1de (size before relaxing)
 .debug_str     0x000007cc        0x9 cos_tb.o
                                0x114 (size before relaxing)
 .debug_str     0x000007d5      0x185 adc_dma.o
                                0x3fc (size before relaxing)
 .debug_str     0x0000095a      0x2d2 system.o
                                0x612 (size before relaxing)

.comment        0x00000000       0x6e
 .comment       0x00000000       0x6e main.o
                                 0x6f (size before relaxing)
 .comment       0x0000006e       0x6f dsp.o
 .comment       0x0000006e       0x6f cos_tb.o
 .comment       0x0000006e       0x6f adc_dma.o
 .comment       0x0000006e       0x6f system.o

.ARM.attributes
                0x00000000       0x33
 .ARM.attributes
                0x00000000       0x33 main.o
 .ARM.attributes
                0x00000033       0x33 dsp.o
 .ARM.attributes
                0x00000066       0x33 cos_tb.o
 .ARM.attributes
                0x00000099       0x33 adc_dma.o
 .ARM.attributes
                0x000000cc       0x33 system.o

.debug_frame    0x00000000      0x7c8
 .debug_frame   0x00000000      0x420 main.o
 .debug_frame   0x00000420      0x1bc dsp.o
 .debug_frame   0x000005dc       0xac adc_dma.o
 .debug_frame   0x00000688      0x140 system.o

.debug_loc      0x00000000     0x1be2
 .debug_loc     0x00000000     0x1be2 dsp.o
