
Memory Configuration

Name             Origin             Length             Attributes
FLASH            0x08000000         0x00020000         xr
SRAM             0x20000000         0x00008000         xrw
*default*        0x00000000         0xffffffff

Linker script and memory map


.text           0x20000000     0x1960
 *(.main_sec)
 .main_sec      0x20000000      0x418 main.o
                0x20000000                main
 *(.text)
 .text          0x20000418      0x444 main.o
                0x20000418                sleep
                0x20000448                ssi_init
                0x2000048c                b2g
                0x200004a8                g2b
                0x200004dc                enc_crc
                0x20000530                dac_init
                0x20000574                ADC_Handler
                0x20000588                TIMER1_Handler
                0x200005a0                TIMER3_Handler
                0x200005bc                get_phase
                0x2000078c                update_refposition
 .text          0x2000085c      0x8d4 dsp.o
                0x2000085c                mycos
                0x2000086c                mysin
                0x20000880                reg_init
                0x2000088c                reg_update
                0x200008b8                dot3
                0x200008d8                abc_to_dq
                0x20000954                dq_to_abc
                0x200009d0                cord_atan
                0x20000b38                sinpwm
                0x20000d08                svpwm
                0x20000ffc                encoder_init
                0x20001008                get_speed
                0x2000104c                mfilter
                0x20001070                rfilter1
                0x200010d0                rfilter2
 .text          0x20001130        0x0 cos_tb.o
 .text          0x20001130      0x144 adc_dma.o
                0x20001130                adc_init
                0x20001180                dma_init
                0x200011fc                adc_dma_init
                0x2000120c                adc_dma_start
                0x20001238                adc_dma_wait
 .text          0x20001274      0x6ec system.o
                0x200012a4                PortConfig
                0x20001458                ClkConfig
                0x200014c4                TimerConfig
                0x20001784                set_ram_vt
                0x20001808                uart_init
                0x200018a4                system_init
                0x200018c0                SysTick_Handler
                0x200018dc                UART1_Handler

.rodata         0x20001960     0x1040
 .rodata        0x20001960       0x40 dsp.o
 .rodata        0x200019a0     0x1000 cos_tb.o
                0x200019a0                cos_tb

.glue_7         0x200029a0        0x0
 .glue_7        0x200029a0        0x0 linker stubs

.glue_7t        0x200029a0        0x0
 .glue_7t       0x200029a0        0x0 linker stubs

.vfp11_veneer   0x200029a0        0x0
 .vfp11_veneer  0x200029a0        0x0 linker stubs

.v4_bx          0x200029a0        0x0
 .v4_bx         0x200029a0        0x0 linker stubs

.iplt           0x200029a0        0x0
 .iplt          0x200029a0        0x0 main.o

.rel.dyn        0x200029a0        0x0
 .rel.iplt      0x200029a0        0x0 main.o

.data           0x200029a0        0x0
 *(.data)
 .data          0x200029a0        0x0 main.o
 .data          0x200029a0        0x0 dsp.o
 .data          0x200029a0        0x0 cos_tb.o
 .data          0x200029a0        0x0 adc_dma.o
 .data          0x200029a0        0x0 system.o

.igot.plt       0x200029a0        0x0
 .igot.plt      0x200029a0        0x0 main.o

.bss            0x20002a00     0x12d4
 *(.bss)
 .bss           0x20002a00       0x48 main.o
                0x20002a00                refpos
                0x20002a04                reflinpos
                0x20002a08                startlinpos
                0x20002a0c                zerolinpos
                0x20002a10                startphase
                0x20002a14                linpos
                0x20002a18                tcnt
                0x20002a1c                tpll
                0x20002a20                fpll
                0x20002a24                ttlm
                0x20002a28                position
                0x20002a2c                zerophase
                0x20002a30                encoder_code
                0x20002a34                pcurrent
                0x20002a3c                telemetry
 .bss           0x20002a48     0x102c dsp.o
 .bss           0x20003a74        0x0 cos_tb.o
 .bss           0x20003a74        0x0 adc_dma.o
 *fill*         0x20003a74       0x8c 
 .bss           0x20003b00      0x1d4 system.o
                0x20003b00                system_time
                0x20003c00                table_interrupt_vector
                0x20003cc0                uart_buf
                0x20003cd0                uart_rxidx

.dma_sec        0x20003cd4      0x54c
                0x20004000                . = ALIGN (0x400)
 *fill*         0x20003cd4      0x32c 
 *(.dma_sec)
 .dma_sec       0x20004000      0x220 adc_dma.o
                0x20004000                dma_ctr_str
                0x20004200                adc_dma_buffer
LOAD main.o
LOAD dsp.o
LOAD cos_tb.o
LOAD adc_dma.o
LOAD system.o
OUTPUT(blink.elf elf32-littlearm)

.debug_info     0x00000000     0x2403
 .debug_info    0x00000000      0xc56 main.o
 .debug_info    0x00000c56      0x987 dsp.o
 .debug_info    0x000015dd       0x97 cos_tb.o
 .debug_info    0x00001674      0x3cb adc_dma.o
 .debug_info    0x00001a3f      0x9c4 system.o

.debug_abbrev   0x00000000      0x898
 .debug_abbrev  0x00000000      0x28d main.o
 .debug_abbrev  0x0000028d      0x246 dsp.o
 .debug_abbrev  0x000004d3       0x75 cos_tb.o
 .debug_abbrev  0x00000548      0x10e adc_dma.o
 .debug_abbrev  0x00000656      0x242 system.o

.debug_aranges  0x00000000       0xa0
 .debug_aranges
                0x00000000       0x28 main.o
 .debug_aranges
                0x00000028       0x20 dsp.o
 .debug_aranges
                0x00000048       0x18 cos_tb.o
 .debug_aranges
                0x00000060       0x20 adc_dma.o
 .debug_aranges
                0x00000080       0x20 system.o

.debug_ranges   0x00000000      0x138
 .debug_ranges  0x00000000       0x18 main.o
 .debug_ranges  0x00000018      0x120 dsp.o

.debug_line     0x00000000      0x88b
 .debug_line    0x00000000      0x238 main.o
 .debug_line    0x00000238      0x385 dsp.o
 .debug_line    0x000005bd       0x66 cos_tb.o
 .debug_line    0x00000623       0xdf adc_dma.o
 .debug_line    0x00000702      0x189 system.o

.debug_str      0x00000000      0xb09
 .debug_str     0x00000000      0x57b main.o
                                0x5e1 (size before relaxing)
 .debug_str     0x0000057b      0x12e dsp.o
                                0x1da (size before relaxing)
 .debug_str     0x000006a9        0x9 cos_tb.o
                                0x114 (size before relaxing)
 .debug_str     0x000006b2      0x185 adc_dma.o
                                0x3fc (size before relaxing)
 .debug_str     0x00000837      0x2d2 system.o
                                0x612 (size before relaxing)

.comment        0x00000000       0x6e
 .comment       0x00000000       0x6e main.o
                                 0x6f (size before relaxing)
 .comment       0x0000006e       0x6f dsp.o
 .comment       0x0000006e       0x6f cos_tb.o
 .comment       0x0000006e       0x6f adc_dma.o
 .comment       0x0000006e       0x6f system.o

.ARM.attributes
                0x00000000       0x33
 .ARM.attributes
                0x00000000       0x33 main.o
 .ARM.attributes
                0x00000033       0x33 dsp.o
 .ARM.attributes
                0x00000066       0x33 cos_tb.o
 .ARM.attributes
                0x00000099       0x33 adc_dma.o
 .ARM.attributes
                0x000000cc       0x33 system.o

.debug_frame    0x00000000      0x634
 .debug_frame   0x00000000      0x270 main.o
 .debug_frame   0x00000270      0x1d8 dsp.o
 .debug_frame   0x00000448       0xac adc_dma.o
 .debug_frame   0x000004f4      0x140 system.o

.debug_loc      0x00000000     0x1b6f
 .debug_loc     0x00000000     0x1b6f dsp.o
