
Memory Configuration

Name             Origin             Length             Attributes
FLASH            0x08000000         0x00020000         xr
SRAM             0x20000000         0x00008000         xrw
*default*        0x00000000         0xffffffff

Linker script and memory map


.text           0x08000000     0x1500
                0x08000000                . = ALIGN (0x4)
 *(.interrupt_vector)
 .interrupt_vector
                0x08000000       0xc0 startup.o
                0x08000000                table_interrupt_vector
 *(.text)
 .text          0x080000c0      0x3a0 main.o
                0x080000c0                main
                0x0800033c                Init_RAM
                0x08000384                ps_rand
                0x0800041c                Verif_mem
 .text          0x08000460       0x68 startup.o
                0x08000460                Reset_Handler
                0x08000460                handler_reset
                0x080004c0                DebugMon_Handler
                0x080004c0                HardFault_Handler
                0x080004c0                SysTick_Handler
                0x080004c0                EXT_INT1_IRQHandler
                0x080004c0                PendSV_Handler
                0x080004c0                NMI_Handler
                0x080004c0                UART1_IRQHandler
                0x080004c0                CAN1_IRQHandler
                0x080004c0                COMPARATOR_IRQHandler
                0x080004c0                POWER_IRQHandler
                0x080004c0                UsageFault_Handler
                0x080004c0                Timer3_IRQHandler
                0x080004c0                default_handler
                0x080004c0                BACKUP_IRQHandler
                0x080004c0                UART2_IRQHandler
                0x080004c0                Timer2_IRQHandler
                0x080004c0                EXT_INT2_IRQHandler
                0x080004c0                ADC_IRQHandler
                0x080004c0                SSP1_IRQHandler
                0x080004c0                USB_IRQHandler
                0x080004c0                Timer1_IRQHandler
                0x080004c0                EXT_INT3_IRQHandler
                0x080004c0                I2C_IRQHandler
                0x080004c0                MemManage_Handler
                0x080004c0                EXT_INT4_IRQHandler
                0x080004c0                SVC_Handler
                0x080004c0                WWDG_IRQHandler
                0x080004c0                SSP2_IRQHandler
                0x080004c0                DMA_IRQHandler
                0x080004c0                CAN2_IRQHandler
                0x080004c0                BusFault_Handler
 .text          0x080004c8      0x990 MDR32F9Qx_rst_clk.o
                0x080004c8                RST_CLK_DeInit
                0x080004fc                RST_CLK_WarmDeInit
                0x08000560                RST_CLK_HSEconfig
                0x080005ac                RST_CLK_HSEstatus
                0x080005f4                RST_CLK_LSEconfig
                0x08000640                RST_CLK_LSEstatus
                0x08000688                RST_CLK_HSIcmd
                0x080006a8                RST_CLK_HSIadjust
                0x080006dc                RST_CLK_HSIstatus
                0x08000724                RST_CLK_LSIcmd
                0x08000744                RST_CLK_LSIadjust
                0x08000778                RST_CLK_LSIstatus
                0x080007c0                RST_CLK_CPU_PLLconfig
                0x08000830                RST_CLK_CPU_PLLuse
                0x08000850                RST_CLK_CPU_PLLcmd
                0x08000870                RST_CLK_CPU_PLLstatus
                0x080008b8                RST_CLK_CPUclkPrescaler
                0x080008ec                RST_CLK_CPUclkSelection
                0x08000920                RST_CLK_USB_PLLconfig
                0x08000990                RST_CLK_USB_PLLuse
                0x080009b0                RST_CLK_USB_PLLcmd
                0x080009d0                RST_CLK_USB_PLLstatus
                0x08000a18                RST_CLK_USBclkPrescaler
                0x08000a38                RST_CLK_USBclkEnable
                0x08000a58                RST_CLK_ADCclkSelection
                0x08000a8c                RST_CLK_ADCclkPrescaler
                0x08000ac0                RST_CLK_ADCclkEnable
                0x08000ae0                RST_CLK_HSIclkPrescaler
                0x08000b14                RST_CLK_RTC_HSIclkEnable
                0x08000b34                RST_CLK_HSEclkPrescaler
                0x08000b68                RST_CLK_RTC_HSEclkEnable
                0x08000b88                RST_CLK_PCLKcmd
                0x08000bc4                RST_CLK_GetClocksFreq
                0x08000e08                RST_CLK_GetFlagStatus
 .text          0x08000e58      0x3dc MDR32F9Qx_port.o
                0x08000e58                PORT_DeInit
                0x08000e9c                PORT_Init
                0x080010a8                PORT_StructInit
                0x080010f8                PORT_ReadInputDataBit
                0x08001124                PORT_ReadInputData
                0x0800113c                PORT_SetBits
                0x08001174                PORT_ResetBits
                0x080011ac                PORT_WriteBit
                0x08001200                PORT_Write
 .text          0x08001234      0x2cc MDR32F9Qx_ssp.o
                0x08001234                SSP_DeInit
                0x0800126c                SSP_Init
                0x080012c4                SSP_StructInit
                0x08001300                SSP_Cmd
                0x08001338                SSP_ITConfig
                0x08001374                SSP_GetITStatus
                0x080013a4                SSP_GetITStatusMasked
                0x080013d0                SSP_ClearITPendingBit
                0x080013f0                SSP_DMACmd
                0x08001430                SSP_SendData
                0x0800144c                SSP_ReceiveData
                0x08001464                SSP_GetFlagStatus
                0x08001490                SSP_BRGInit
 *(.text*)
 *(.rodata)
 *(.rodata*)
                0x08001500                . = ALIGN (0x4)
                0x08001500                _data_flash = .

.glue_7         0x08001500        0x0
 .glue_7        0x08001500        0x0 linker stubs

.glue_7t        0x08001500        0x0
 .glue_7t       0x08001500        0x0 linker stubs

.vfp11_veneer   0x08001500        0x0
 .vfp11_veneer  0x08001500        0x0 linker stubs

.v4_bx          0x08001500        0x0
 .v4_bx         0x08001500        0x0 linker stubs

.iplt           0x08001500        0x0
 .iplt          0x08001500        0x0 main.o

.rel.dyn        0x08001500        0x0
 .rel.iplt      0x08001500        0x0 main.o

.data           0x20000000        0x0 load address 0x08001500
                0x20000000                . = ALIGN (0x4)
                0x20000000                _data_begin = .
 *(.data)
 .data          0x20000000        0x0 main.o
 .data          0x20000000        0x0 startup.o
 .data          0x20000000        0x0 MDR32F9Qx_rst_clk.o
 .data          0x20000000        0x0 MDR32F9Qx_port.o
 .data          0x20000000        0x0 MDR32F9Qx_ssp.o
 *(.data*)
                0x20000000                . = ALIGN (0x4)
                0x20000000                _data_end = .

.igot.plt       0x20000000        0x0 load address 0x08001500
 .igot.plt      0x20000000        0x0 main.o

.bss            0x20000000      0x120 load address 0x08001500
                0x20000000                . = ALIGN (0x4)
                0x20000000                _bss_begin = .
                0x20000000                __bss_start__ = _bss_begin
 *(.bss)
 .bss           0x20000000      0x120 main.o
                0x20000000                sSSP
                0x20000010                PORT_InitStructure
                0x2000001c                SrcBuf1
                0x2000005c                SrcBuf2
                0x2000009c                DstBuf1
                0x200000dc                DstBuf2
                0x2000011c                TxIdx
                0x2000011d                RxIdx
                0x2000011e                TransferStatus1
                0x2000011f                TransferStatus2
 .bss           0x20000120        0x0 startup.o
 .bss           0x20000120        0x0 MDR32F9Qx_rst_clk.o
 .bss           0x20000120        0x0 MDR32F9Qx_port.o
 .bss           0x20000120        0x0 MDR32F9Qx_ssp.o
 *(.bss*)
 *(COMMON)
                0x20000120                . = ALIGN (0x4)
                0x20000120                _bss_end = .
                0x20000120                __bss_end__ = _bss_end
                0x00000400                _stack_size = 0x400
                0x20008000                _stack_end = (ORIGIN (SRAM) + LENGTH (SRAM))
                0x20007c00                _stack_begin = (_stack_end - _stack_size)
                0x20007c00                . = _stack_begin

._stack         0x20000120      0x400 load address 0x08001620
                0x20000520                . = (. + _stack_size)
 *fill*         0x20000120      0x400 
LOAD main.o
LOAD startup.o
LOAD MDR32F9Qx_rst_clk.o
LOAD MDR32F9Qx_port.o
LOAD MDR32F9Qx_ssp.o
OUTPUT(blink.elf elf32-littlearm)

.debug_info     0x00000000     0x204c
 .debug_info    0x00000000      0x9b0 main.o
 .debug_info    0x000009b0       0xf1 startup.o
 .debug_info    0x00000aa1      0xa7a MDR32F9Qx_rst_clk.o
 .debug_info    0x0000151b      0x5a2 MDR32F9Qx_port.o
 .debug_info    0x00001abd      0x58f MDR32F9Qx_ssp.o

.debug_abbrev   0x00000000      0x6cd
 .debug_abbrev  0x00000000      0x1b5 main.o
 .debug_abbrev  0x000001b5       0xab startup.o
 .debug_abbrev  0x00000260      0x19a MDR32F9Qx_rst_clk.o
 .debug_abbrev  0x000003fa      0x157 MDR32F9Qx_port.o
 .debug_abbrev  0x00000551      0x17c MDR32F9Qx_ssp.o

.debug_aranges  0x00000000       0xa0
 .debug_aranges
                0x00000000       0x20 main.o
 .debug_aranges
                0x00000020       0x20 startup.o
 .debug_aranges
                0x00000040       0x20 MDR32F9Qx_rst_clk.o
 .debug_aranges
                0x00000060       0x20 MDR32F9Qx_port.o
 .debug_aranges
                0x00000080       0x20 MDR32F9Qx_ssp.o

.debug_line     0x00000000      0x940
 .debug_line    0x00000000      0x1cb main.o
 .debug_line    0x000001cb       0x50 startup.o
 .debug_line    0x0000021b      0x2fc MDR32F9Qx_rst_clk.o
 .debug_line    0x00000517      0x293 MDR32F9Qx_port.o
 .debug_line    0x000007aa      0x196 MDR32F9Qx_ssp.o

.debug_str      0x00000000     0x1098
 .debug_str     0x00000000      0x6be main.o
                                0x70d (size before relaxing)
 .debug_str     0x000006be       0x9e startup.o
                                0x16c (size before relaxing)
 .debug_str     0x0000075c      0x68f MDR32F9Qx_rst_clk.o
                                0x7e1 (size before relaxing)
 .debug_str     0x00000deb      0x179 MDR32F9Qx_port.o
                                0x55e (size before relaxing)
 .debug_str     0x00000f64      0x134 MDR32F9Qx_ssp.o
                                0x3d2 (size before relaxing)

.comment        0x00000000       0x6e
 .comment       0x00000000       0x6e main.o
                                 0x6f (size before relaxing)
 .comment       0x0000006e       0x6f startup.o
 .comment       0x0000006e       0x6f MDR32F9Qx_rst_clk.o
 .comment       0x0000006e       0x6f MDR32F9Qx_port.o
 .comment       0x0000006e       0x6f MDR32F9Qx_ssp.o

.ARM.attributes
                0x00000000       0x33
 .ARM.attributes
                0x00000000       0x33 main.o
 .ARM.attributes
                0x00000033       0x33 startup.o
 .ARM.attributes
                0x00000066       0x33 MDR32F9Qx_rst_clk.o
 .ARM.attributes
                0x00000099       0x33 MDR32F9Qx_port.o
 .ARM.attributes
                0x000000cc       0x33 MDR32F9Qx_ssp.o

.debug_frame    0x00000000      0x9b4
 .debug_frame   0x00000000       0xa8 main.o
 .debug_frame   0x000000a8       0x4c startup.o
 .debug_frame   0x000000f4      0x530 MDR32F9Qx_rst_clk.o
 .debug_frame   0x00000624      0x178 MDR32F9Qx_port.o
 .debug_frame   0x0000079c      0x218 MDR32F9Qx_ssp.o
