
Memory Configuration

Name             Origin             Length             Attributes
FLASH            0x08000000         0x00020000         xr
SRAM             0x20000000         0x00008000         xrw
*default*        0x00000000         0xffffffff

Linker script and memory map


.text           0x08000000     0x27d8
                0x08000000                . = ALIGN (0x4)
 *(.interrupt_vector)
 .interrupt_vector
                0x08000000       0xc0 startup.o
                0x08000000                table_interrupt_vector
 *(.text)
 .text          0x080000c0      0x54c main.o
                0x08000130                sleep
                0x08000160                ssi_init
                0x080001a4                enc_crc
                0x080001f8                dac_init
                0x0800023c                Timer1_IRQHandler
                0x08000254                Timer3_IRQHandler
                0x0800026c                update_mode
                0x080002dc                test_null
                0x080002e8                test1_proc
                0x080003f0                test2_proc
                0x0800047c                test3_proc
                0x080004cc                test4_proc
                0x08000504                main
 .text          0x0800060c      0x8f4 dsp.o
                0x0800060c                mycos
                0x0800061c                mysin
                0x08000630                reg_init
                0x0800063c                reg_update
                0x08000668                dot3
                0x08000688                abc_to_dq
                0x08000704                dq_to_abc
                0x08000780                cord_atan
                0x080008e8                sinpwm
                0x08000ab8                svpwm
                0x08000dac                encoder_init
                0x08000db8                get_speed
                0x08000e1c                mfilter
                0x08000e40                rfilter1
                0x08000ea0                rfilter2
 .text          0x08000f00        0x0 cos_tb.o
 .text          0x08000f00      0x140 adc_dma.o
                0x08000f00                adc_init
                0x08000f50                dma_init
                0x08000fcc                adc_dma_init
                0x08000fdc                adc_dma_start
                0x08001004                adc_dma_wait
 .text          0x08001040      0x6b4 system.o
                0x08001108                PortConfig
                0x08001270                ClkConfig
                0x080012e4                TimerConfig
                0x080015a0                uart_init
                0x0800163c                system_init
                0x08001654                SysTick_Handler
                0x08001670                UART1_IRQHandler
 .text          0x080016f4       0x68 startup.o
                0x080016f4                Reset_Handler
                0x080016f4                handler_reset
                0x08001754                DebugMon_Handler
                0x08001754                HardFault_Handler
                0x08001754                EXT_INT1_IRQHandler
                0x08001754                PendSV_Handler
                0x08001754                NMI_Handler
                0x08001754                CAN1_IRQHandler
                0x08001754                COMPARATOR_IRQHandler
                0x08001754                POWER_IRQHandler
                0x08001754                UsageFault_Handler
                0x08001754                default_handler
                0x08001754                BACKUP_IRQHandler
                0x08001754                UART2_IRQHandler
                0x08001754                Timer2_IRQHandler
                0x08001754                EXT_INT2_IRQHandler
                0x08001754                ADC_IRQHandler
                0x08001754                SSP1_IRQHandler
                0x08001754                USB_IRQHandler
                0x08001754                EXT_INT3_IRQHandler
                0x08001754                I2C_IRQHandler
                0x08001754                MemManage_Handler
                0x08001754                EXT_INT4_IRQHandler
                0x08001754                SVC_Handler
                0x08001754                WWDG_IRQHandler
                0x08001754                SSP2_IRQHandler
                0x08001754                DMA_IRQHandler
                0x08001754                CAN2_IRQHandler
                0x08001754                BusFault_Handler
 *(.text*)
 *(.rodata)
 .rodata        0x0800175c       0x38 main.o
                0x0800175c                maskc
                0x08001764                maskb
                0x08001774                maska
 .rodata        0x08001794       0x40 dsp.o
 .rodata        0x080017d4     0x1000 cos_tb.o
                0x080017d4                cos_tb
 .rodata        0x080027d4        0x4 system.o
                0x080027d4                PWM_MASK
 *(.rodata*)
                0x080027d8                . = ALIGN (0x4)
                0x080027d8                _data_flash = .

.glue_7         0x080027d8        0x0
 .glue_7        0x080027d8        0x0 linker stubs

.glue_7t        0x080027d8        0x0
 .glue_7t       0x080027d8        0x0 linker stubs

.vfp11_veneer   0x080027d8        0x0
 .vfp11_veneer  0x080027d8        0x0 linker stubs

.v4_bx          0x080027d8        0x0
 .v4_bx         0x080027d8        0x0 linker stubs

.iplt           0x080027d8        0x0
 .iplt          0x080027d8        0x0 main.o

.rel.dyn        0x080027d8        0x0
 .rel.iplt      0x080027d8        0x0 main.o

.data           0x20000000        0x4 load address 0x080027d8
                0x20000000                . = ALIGN (0x4)
                0x20000000                _data_begin = .
 *(.data)
 .data          0x20000000        0x4 main.o
                0x20000000                test_proc
 .data          0x20000004        0x0 dsp.o
 .data          0x20000004        0x0 cos_tb.o
 .data          0x20000004        0x0 adc_dma.o
 .data          0x20000004        0x0 system.o
 .data          0x20000004        0x0 startup.o
 *(.data*)
                0x20000004                . = ALIGN (0x4)
                0x20000004                _data_end = .

.igot.plt       0x20000004        0x0 load address 0x080027dc
 .igot.plt      0x20000004        0x0 main.o

.dma_sec        0x20000004      0x220 load address 0x080027dc
 .dma_sec       0x20000004      0x220 adc_dma.o
                0x20000004                dma_ctr_str
                0x20000204                adc_dma_buffer

.bss            0x20000224     0x1078 load address 0x080029fc
                0x20000224                . = ALIGN (0x4)
                0x20000224                _bss_begin = .
                0x20000224                __bss_start__ = _bss_begin
 *(.bss)
 .bss           0x20000224       0x34 main.o
                0x20000224                refpos
                0x20000228                reflinpos
                0x2000022c                startlinpos
                0x20000230                startphase
                0x20000234                linpos
                0x20000238                tcnt
                0x2000023c                tpll
                0x20000240                fpll
                0x20000244                ttlm
                0x20000248                position
                0x2000024c                encoder_code
                0x20000250                pcurrent
 .bss           0x20000258     0x102c dsp.o
 .bss           0x20001284        0x0 cos_tb.o
 .bss           0x20001284        0x0 adc_dma.o
 .bss           0x20001284       0x18 system.o
                0x20001284                system_time
                0x20001288                uart_buf
                0x20001298                uart_rxidx
 .bss           0x2000129c        0x0 startup.o
 *(.bss*)
 *(COMMON)
                0x2000129c                . = ALIGN (0x4)
                0x2000129c                _bss_end = .
                0x2000129c                __bss_end__ = _bss_end
                0x00000400                _stack_size = 0x400
                0x20008000                _stack_end = (ORIGIN (SRAM) + LENGTH (SRAM))
                0x20007c00                _stack_begin = (_stack_end - _stack_size)
                0x20007c00                . = _stack_begin

._stack         0x2000129c      0x400 load address 0x08003a74
                0x2000169c                . = (. + _stack_size)
 *fill*         0x2000129c      0x400 
LOAD main.o
LOAD dsp.o
LOAD cos_tb.o
LOAD adc_dma.o
LOAD system.o
LOAD startup.o
OUTPUT(blink.elf elf32-littlearm)

.debug_info     0x00000000     0x224f
 .debug_info    0x00000000      0x94c main.o
 .debug_info    0x0000094c      0x996 dsp.o
 .debug_info    0x000012e2       0x97 cos_tb.o
 .debug_info    0x00001379      0x3cb adc_dma.o
 .debug_info    0x00001744      0xa1a system.o
 .debug_info    0x0000215e       0xf1 startup.o

.debug_abbrev   0x00000000      0x8a3
 .debug_abbrev  0x00000000      0x222 main.o
 .debug_abbrev  0x00000222      0x246 dsp.o
 .debug_abbrev  0x00000468       0x75 cos_tb.o
 .debug_abbrev  0x000004dd      0x10e adc_dma.o
 .debug_abbrev  0x000005eb      0x20d system.o
 .debug_abbrev  0x000007f8       0xab startup.o

.debug_aranges  0x00000000       0xb8
 .debug_aranges
                0x00000000       0x20 main.o
 .debug_aranges
                0x00000020       0x20 dsp.o
 .debug_aranges
                0x00000040       0x18 cos_tb.o
 .debug_aranges
                0x00000058       0x20 adc_dma.o
 .debug_aranges
                0x00000078       0x20 system.o
 .debug_aranges
                0x00000098       0x20 startup.o

.debug_line     0x00000000      0x8a1
 .debug_line    0x00000000      0x201 main.o
 .debug_line    0x00000201      0x387 dsp.o
 .debug_line    0x00000588       0x66 cos_tb.o
 .debug_line    0x000005ee       0xde adc_dma.o
 .debug_line    0x000006cc      0x185 system.o
 .debug_line    0x00000851       0x50 startup.o

.debug_str      0x00000000      0xbe8
 .debug_str     0x00000000      0x47d main.o
                                0x4c3 (size before relaxing)
 .debug_str     0x0000047d      0x136 dsp.o
                                0x1e3 (size before relaxing)
 .debug_str     0x000005b3        0x9 cos_tb.o
                                0x115 (size before relaxing)
 .debug_str     0x000005bc      0x23a adc_dma.o
                                0x3fd (size before relaxing)
 .debug_str     0x000007f6      0x34d system.o
                                0x649 (size before relaxing)
 .debug_str     0x00000b43       0xa5 startup.o
                                0x151 (size before relaxing)

.comment        0x00000000       0x6e
 .comment       0x00000000       0x6e main.o
                                 0x6f (size before relaxing)
 .comment       0x0000006e       0x6f dsp.o
 .comment       0x0000006e       0x6f cos_tb.o
 .comment       0x0000006e       0x6f adc_dma.o
 .comment       0x0000006e       0x6f system.o
 .comment       0x0000006e       0x6f startup.o

.ARM.attributes
                0x00000000       0x33
 .ARM.attributes
                0x00000000       0x33 main.o
 .ARM.attributes
                0x00000033       0x33 dsp.o
 .ARM.attributes
                0x00000066       0x33 cos_tb.o
 .ARM.attributes
                0x00000099       0x33 adc_dma.o
 .ARM.attributes
                0x000000cc       0x33 system.o
 .ARM.attributes
                0x000000ff       0x33 startup.o

.debug_frame    0x00000000      0x690
 .debug_frame   0x00000000      0x260 main.o
 .debug_frame   0x00000260      0x1d8 dsp.o
 .debug_frame   0x00000438       0xac adc_dma.o
 .debug_frame   0x000004e4      0x160 system.o
 .debug_frame   0x00000644       0x4c startup.o

.debug_loc      0x00000000     0x1b82
 .debug_loc     0x00000000     0x1b82 dsp.o

.debug_ranges   0x00000000      0x120
 .debug_ranges  0x00000000      0x120 dsp.o
