
Memory Configuration

Name             Origin             Length             Attributes
FLASH            0x08000000         0x00020000         xr
SRAM             0x20000000         0x00008000         xrw
*default*        0x00000000         0xffffffff

Linker script and memory map


.text           0x08000000     0x2e70
                0x08000000                . = ALIGN (0x4)
 *(.interrupt_vector)
 .interrupt_vector
                0x08000000       0xc0 startup.o
                0x08000000                table_interrupt_vector
 *(.text)
 .text          0x080000c0      0xd40 main.o
                0x08000160                sleep
                0x08000190                ssi_init
                0x080001d4                b2g
                0x080001f0                g2b
                0x08000224                enc_crc
                0x08000278                dac_init
                0x080002bc                Timer3_IRQHandler
                0x080002d8                get_phase
                0x080004c0                update_refposition
                0x08000618                fault_positioning_proc
                0x08000634                remote_positioning_proc
                0x0800067c                emulator_positioning_proc
                0x080006dc                wait_for_launch_proc
                0x0800077c                wait_positioning_proc
                0x08000a50                main
 .text          0x08000e00      0x898 dsp.o
                0x08000e00                mycos
                0x08000e10                mysin
                0x08000e24                reg_init
                0x08000e30                reg_update
                0x08000e5c                dot3
                0x08000e7c                abc_to_dq
                0x08000ef8                dq_to_abc
                0x08000f74                cord_atan
                0x080010dc                sinpwm
                0x080012ac                svpwm
                0x080015a8                encoder_init
                0x080015b4                get_speed
                0x080015f8                rfilter1
                0x08001648                rfilter2
 .text          0x08001698        0x0 cos_tb.o
 .text          0x08001698      0x144 adc_dma.o
                0x08001698                adc_init
                0x080016e8                dma_init
                0x08001764                adc_dma_init
                0x08001774                adc_dma_start
                0x080017a0                adc_dma_wait
 .text          0x080017dc      0x5ec system.o
                0x0800180c                PortConfig
                0x080019cc                ClkConfig
                0x08001a38                TimerConfig
                0x08001cf8                uart_init
                0x08001d94                system_init
                0x08001dac                SysTick_Handler
 .text          0x08001dc8       0x68 startup.o
                0x08001dc8                Reset_Handler
                0x08001dc8                handler_reset
                0x08001e28                DebugMon_Handler
                0x08001e28                HardFault_Handler
                0x08001e28                EXT_INT1_IRQHandler
                0x08001e28                PendSV_Handler
                0x08001e28                NMI_Handler
                0x08001e28                UART1_IRQHandler
                0x08001e28                CAN1_IRQHandler
                0x08001e28                COMPARATOR_IRQHandler
                0x08001e28                POWER_IRQHandler
                0x08001e28                UsageFault_Handler
                0x08001e28                default_handler
                0x08001e28                BACKUP_IRQHandler
                0x08001e28                UART2_IRQHandler
                0x08001e28                Timer2_IRQHandler
                0x08001e28                EXT_INT2_IRQHandler
                0x08001e28                ADC_IRQHandler
                0x08001e28                SSP1_IRQHandler
                0x08001e28                USB_IRQHandler
                0x08001e28                Timer1_IRQHandler
                0x08001e28                EXT_INT3_IRQHandler
                0x08001e28                I2C_IRQHandler
                0x08001e28                MemManage_Handler
                0x08001e28                EXT_INT4_IRQHandler
                0x08001e28                SVC_Handler
                0x08001e28                WWDG_IRQHandler
                0x08001e28                SSP2_IRQHandler
                0x08001e28                DMA_IRQHandler
                0x08001e28                CAN2_IRQHandler
                0x08001e28                BusFault_Handler
 *(.text*)
 *(.rodata)
 .rodata        0x08001e30       0x40 dsp.o
 .rodata        0x08001e70     0x1000 cos_tb.o
                0x08001e70                cos_tb
 *(.rodata*)
                0x08002e70                . = ALIGN (0x4)
                0x08002e70                _data_flash = .

.glue_7         0x08002e70        0x0
 .glue_7        0x08002e70        0x0 linker stubs

.glue_7t        0x08002e70        0x0
 .glue_7t       0x08002e70        0x0 linker stubs

.vfp11_veneer   0x08002e70        0x0
 .vfp11_veneer  0x08002e70        0x0 linker stubs

.v4_bx          0x08002e70        0x0
 .v4_bx         0x08002e70        0x0 linker stubs

.iplt           0x08002e70        0x0
 .iplt          0x08002e70        0x0 main.o

.rel.dyn        0x08002e70        0x0
 .rel.iplt      0x08002e70        0x0 main.o

.data           0x20000000        0x0 load address 0x08002e70
                0x20000000                . = ALIGN (0x4)
                0x20000000                _data_begin = .
 *(.data)
 .data          0x20000000        0x0 main.o
 .data          0x20000000        0x0 dsp.o
 .data          0x20000000        0x0 cos_tb.o
 .data          0x20000000        0x0 adc_dma.o
 .data          0x20000000        0x0 system.o
 .data          0x20000000        0x0 startup.o
 *(.data*)
                0x20000000                . = ALIGN (0x4)
                0x20000000                _data_end = .

.igot.plt       0x20000000        0x0 load address 0x08002e70
 .igot.plt      0x20000000        0x0 main.o

.dma_sec        0x20000000      0x220 load address 0x08002e70
 .dma_sec       0x20000000      0x220 adc_dma.o
                0x20000000                dma_ctr_str
                0x20000200                adc_dma_buffer

.bss            0x20000220       0xec load address 0x08003090
                0x20000220                . = ALIGN (0x4)
                0x20000220                _bss_begin = .
                0x20000220                __bss_start__ = _bss_begin
 *(.bss)
 .bss           0x20000220       0xa8 main.o
                0x20000220                refpos
                0x20000224                reflinpos
                0x20000228                startlinpos
                0x2000022c                zerolinpos
                0x20000230                startphase
                0x20000234                linpos
                0x20000238                tcnt
                0x2000023c                tpll
                0x20000240                fpll
                0x20000244                ttlm
                0x20000248                position
                0x2000024c                zerophase
                0x20000250                encoder_code
                0x20000254                pcurrent
                0x20000258                vpower
                0x20000260                control_word
                0x20000261                status_word
                0x20000264                position_proc
                0x200002b8                telemetry
 .bss           0x200002c8       0x2c dsp.o
                0x200002c8                mag_current
 .bss           0x200002f4        0x0 cos_tb.o
 .bss           0x200002f4        0x0 adc_dma.o
 .bss           0x200002f4       0x18 system.o
                0x200002f4                system_time
                0x200002f8                uart_buf
                0x20000308                uart_rxidx
 .bss           0x2000030c        0x0 startup.o
 *(.bss*)
 *(COMMON)
                0x2000030c                . = ALIGN (0x4)
                0x2000030c                _bss_end = .
                0x2000030c                __bss_end__ = _bss_end
                0x00000400                _stack_size = 0x400
                0x20008000                _stack_end = (ORIGIN (SRAM) + LENGTH (SRAM))
                0x20007c00                _stack_begin = (_stack_end - _stack_size)
                0x20007c00                . = _stack_begin

._stack         0x2000030c      0x400 load address 0x0800317c
                0x2000070c                . = (. + _stack_size)
 *fill*         0x2000030c      0x400 
LOAD main.o
LOAD dsp.o
LOAD cos_tb.o
LOAD adc_dma.o
LOAD system.o
LOAD startup.o
OUTPUT(blink.elf elf32-littlearm)

.debug_info     0x00000000     0x23da
 .debug_info    0x00000000      0xde2 main.o
 .debug_info    0x00000de2      0x930 dsp.o
 .debug_info    0x00001712       0x97 cos_tb.o
 .debug_info    0x000017a9      0x3cb adc_dma.o
 .debug_info    0x00001b74      0x775 system.o
 .debug_info    0x000022e9       0xf1 startup.o

.debug_abbrev   0x00000000      0x913
 .debug_abbrev  0x00000000      0x2e3 main.o
 .debug_abbrev  0x000002e3      0x257 dsp.o
 .debug_abbrev  0x0000053a       0x75 cos_tb.o
 .debug_abbrev  0x000005af      0x10e adc_dma.o
 .debug_abbrev  0x000006bd      0x1ab system.o
 .debug_abbrev  0x00000868       0xab startup.o

.debug_aranges  0x00000000       0xb8
 .debug_aranges
                0x00000000       0x20 main.o
 .debug_aranges
                0x00000020       0x20 dsp.o
 .debug_aranges
                0x00000040       0x18 cos_tb.o
 .debug_aranges
                0x00000058       0x20 adc_dma.o
 .debug_aranges
                0x00000078       0x20 system.o
 .debug_aranges
                0x00000098       0x20 startup.o

.debug_line     0x00000000      0x93a
 .debug_line    0x00000000      0x2d0 main.o
 .debug_line    0x000002d0      0x37d dsp.o
 .debug_line    0x0000064d       0x66 cos_tb.o
 .debug_line    0x000006b3       0xdf adc_dma.o
 .debug_line    0x00000792      0x158 system.o
 .debug_line    0x000008ea       0x50 startup.o

.debug_str      0x00000000      0xc5a
 .debug_str     0x00000000      0x605 main.o
                                0x66b (size before relaxing)
 .debug_str     0x00000605      0x132 dsp.o
                                0x1dd (size before relaxing)
 .debug_str     0x00000737        0x9 cos_tb.o
                                0x113 (size before relaxing)
 .debug_str     0x00000740      0x221 adc_dma.o
                                0x3fb (size before relaxing)
 .debug_str     0x00000961      0x254 system.o
                                0x585 (size before relaxing)
 .debug_str     0x00000bb5       0xa5 startup.o
                                0x14f (size before relaxing)

.comment        0x00000000       0x6e
 .comment       0x00000000       0x6e main.o
                                 0x6f (size before relaxing)
 .comment       0x0000006e       0x6f dsp.o
 .comment       0x0000006e       0x6f cos_tb.o
 .comment       0x0000006e       0x6f adc_dma.o
 .comment       0x0000006e       0x6f system.o
 .comment       0x0000006e       0x6f startup.o

.ARM.attributes
                0x00000000       0x33
 .ARM.attributes
                0x00000000       0x33 main.o
 .ARM.attributes
                0x00000033       0x33 dsp.o
 .ARM.attributes
                0x00000066       0x33 cos_tb.o
 .ARM.attributes
                0x00000099       0x33 adc_dma.o
 .ARM.attributes
                0x000000cc       0x33 system.o
 .ARM.attributes
                0x000000ff       0x33 startup.o

.debug_frame    0x00000000      0x7a4
 .debug_frame   0x00000000      0x400 main.o
 .debug_frame   0x00000400      0x1bc dsp.o
 .debug_frame   0x000005bc       0xac adc_dma.o
 .debug_frame   0x00000668       0xf0 system.o
 .debug_frame   0x00000758       0x4c startup.o

.debug_loc      0x00000000     0x1be2
 .debug_loc     0x00000000     0x1be2 dsp.o

.debug_ranges   0x00000000      0x120
 .debug_ranges  0x00000000      0x120 dsp.o
