
Memory Configuration

Name             Origin             Length             Attributes
FLASH            0x08000000         0x00020000         xr
SRAM             0x20000000         0x00008000         xrw
*default*        0x00000000         0xffffffff

Linker script and memory map


.text           0x08000000     0x2848
                0x08000000                . = ALIGN (0x4)
 *(.interrupt_vector)
 .interrupt_vector
                0x08000000       0xc0 startup.o
                0x08000000                table_interrupt_vector
 *(.text)
 .text          0x080000c0      0x6dc main.o
                0x080000e0                sleep
                0x08000110                ssi_init
                0x08000154                b2g
                0x08000170                g2b
                0x080001a4                enc_crc
                0x080001f8                dac_init
                0x0800023c                Timer1_IRQHandler
                0x08000254                Timer3_IRQHandler
                0x08000270                get_phase
                0x0800042c                update_refposition
                0x080004bc                main
 .text          0x0800079c      0x8d8 dsp.o
                0x0800079c                mycos
                0x080007ac                mysin
                0x080007c0                reg_init
                0x080007cc                reg_update
                0x080007f8                dot3
                0x08000818                abc_to_dq
                0x08000894                dq_to_abc
                0x08000910                cord_atan
                0x08000a78                sinpwm
                0x08000c48                svpwm
                0x08000f3c                encoder_init
                0x08000f48                get_speed
                0x08000f8c                mfilter
                0x08000fb4                rfilter1
                0x08001014                rfilter2
 .text          0x08001074        0x0 cos_tb.o
 .text          0x08001074      0x140 adc_dma.o
                0x08001074                adc_init
                0x080010c4                dma_init
                0x08001140                adc_dma_init
                0x08001150                adc_dma_start
                0x08001178                adc_dma_wait
 .text          0x080011b4      0x5ec system.o
                0x080011e4                PortConfig
                0x080013a4                ClkConfig
                0x08001410                TimerConfig
                0x0800164c                uart_init
                0x080016e8                system_init
                0x08001700                SysTick_Handler
                0x0800171c                UART1_IRQHandler
 .text          0x080017a0       0x68 startup.o
                0x080017a0                Reset_Handler
                0x080017a0                handler_reset
                0x08001800                DebugMon_Handler
                0x08001800                HardFault_Handler
                0x08001800                EXT_INT1_IRQHandler
                0x08001800                PendSV_Handler
                0x08001800                NMI_Handler
                0x08001800                CAN1_IRQHandler
                0x08001800                COMPARATOR_IRQHandler
                0x08001800                POWER_IRQHandler
                0x08001800                UsageFault_Handler
                0x08001800                default_handler
                0x08001800                BACKUP_IRQHandler
                0x08001800                UART2_IRQHandler
                0x08001800                Timer2_IRQHandler
                0x08001800                EXT_INT2_IRQHandler
                0x08001800                ADC_IRQHandler
                0x08001800                SSP1_IRQHandler
                0x08001800                USB_IRQHandler
                0x08001800                EXT_INT3_IRQHandler
                0x08001800                I2C_IRQHandler
                0x08001800                MemManage_Handler
                0x08001800                EXT_INT4_IRQHandler
                0x08001800                SVC_Handler
                0x08001800                WWDG_IRQHandler
                0x08001800                SSP2_IRQHandler
                0x08001800                DMA_IRQHandler
                0x08001800                CAN2_IRQHandler
                0x08001800                BusFault_Handler
 *(.text*)
 *(.rodata)
 .rodata        0x08001808       0x40 dsp.o
 .rodata        0x08001848     0x1000 cos_tb.o
                0x08001848                cos_tb
 *(.rodata*)
                0x08002848                . = ALIGN (0x4)
                0x08002848                _data_flash = .

.glue_7         0x08002848        0x0
 .glue_7        0x08002848        0x0 linker stubs

.glue_7t        0x08002848        0x0
 .glue_7t       0x08002848        0x0 linker stubs

.vfp11_veneer   0x08002848        0x0
 .vfp11_veneer  0x08002848        0x0 linker stubs

.v4_bx          0x08002848        0x0
 .v4_bx         0x08002848        0x0 linker stubs

.iplt           0x08002848        0x0
 .iplt          0x08002848        0x0 main.o

.rel.dyn        0x08002848        0x0
 .rel.iplt      0x08002848        0x0 main.o

.data           0x20000000        0x0 load address 0x08002848
                0x20000000                . = ALIGN (0x4)
                0x20000000                _data_begin = .
 *(.data)
 .data          0x20000000        0x0 main.o
 .data          0x20000000        0x0 dsp.o
 .data          0x20000000        0x0 cos_tb.o
 .data          0x20000000        0x0 adc_dma.o
 .data          0x20000000        0x0 system.o
 .data          0x20000000        0x0 startup.o
 *(.data*)
                0x20000000                . = ALIGN (0x4)
                0x20000000                _data_end = .

.igot.plt       0x20000000        0x0 load address 0x08002848
 .igot.plt      0x20000000        0x0 main.o

.dma_sec        0x20000000      0x220 load address 0x08002848
 .dma_sec       0x20000000      0x220 adc_dma.o
                0x20000000                dma_ctr_str
                0x20000200                adc_dma_buffer

.bss            0x20000220     0x1088 load address 0x08002a68
                0x20000220                . = ALIGN (0x4)
                0x20000220                _bss_begin = .
                0x20000220                __bss_start__ = _bss_begin
 *(.bss)
 .bss           0x20000220       0x40 main.o
                0x20000220                refpos
                0x20000224                reflinpos
                0x20000228                startlinpos
                0x2000022c                startphase
                0x20000230                linpos
                0x20000234                tcnt
                0x20000238                tpll
                0x2000023c                fpll
                0x20000240                ttlm
                0x20000244                position
                0x20000248                encoder_code
                0x2000024c                pcurrent
                0x20000250                telemetry
 .bss           0x20000260     0x1030 dsp.o
 .bss           0x20001290        0x0 cos_tb.o
 .bss           0x20001290        0x0 adc_dma.o
 .bss           0x20001290       0x18 system.o
                0x20001290                system_time
                0x20001294                uart_buf
                0x200012a4                uart_rxidx
 .bss           0x200012a8        0x0 startup.o
 *(.bss*)
 *(COMMON)
                0x200012a8                . = ALIGN (0x4)
                0x200012a8                _bss_end = .
                0x200012a8                __bss_end__ = _bss_end
                0x00000400                _stack_size = 0x400
                0x20008000                _stack_end = (ORIGIN (SRAM) + LENGTH (SRAM))
                0x20007c00                _stack_begin = (_stack_end - _stack_size)
                0x20007c00                . = _stack_begin

._stack         0x200012a8      0x400 load address 0x08003af0
                0x200016a8                . = (. + _stack_size)
 *fill*         0x200012a8      0x400 
LOAD main.o
LOAD dsp.o
LOAD cos_tb.o
LOAD adc_dma.o
LOAD system.o
LOAD startup.o
OUTPUT(blink.elf elf32-littlearm)

.debug_info     0x00000000     0x21e9
 .debug_info    0x00000000      0xb19 main.o
 .debug_info    0x00000b19      0x987 dsp.o
 .debug_info    0x000014a0       0x97 cos_tb.o
 .debug_info    0x00001537      0x3cb adc_dma.o
 .debug_info    0x00001902      0x7f6 system.o
 .debug_info    0x000020f8       0xf1 startup.o

.debug_abbrev   0x00000000      0x8a4
 .debug_abbrev  0x00000000      0x251 main.o
 .debug_abbrev  0x00000251      0x246 dsp.o
 .debug_abbrev  0x00000497       0x75 cos_tb.o
 .debug_abbrev  0x0000050c      0x10e adc_dma.o
 .debug_abbrev  0x0000061a      0x1df system.o
 .debug_abbrev  0x000007f9       0xab startup.o

.debug_aranges  0x00000000       0xb8
 .debug_aranges
                0x00000000       0x20 main.o
 .debug_aranges
                0x00000020       0x20 dsp.o
 .debug_aranges
                0x00000040       0x18 cos_tb.o
 .debug_aranges
                0x00000058       0x20 adc_dma.o
 .debug_aranges
                0x00000078       0x20 system.o
 .debug_aranges
                0x00000098       0x20 startup.o

.debug_line     0x00000000      0x858
 .debug_line    0x00000000      0x1de main.o
 .debug_line    0x000001de      0x386 dsp.o
 .debug_line    0x00000564       0x66 cos_tb.o
 .debug_line    0x000005ca       0xde adc_dma.o
 .debug_line    0x000006a8      0x160 system.o
 .debug_line    0x00000808       0x50 startup.o

.debug_str      0x00000000      0xb0d
 .debug_str     0x00000000      0x4ab main.o
                                0x511 (size before relaxing)
 .debug_str     0x000004ab      0x12e dsp.o
                                0x1d6 (size before relaxing)
 .debug_str     0x000005d9        0x9 cos_tb.o
                                0x110 (size before relaxing)
 .debug_str     0x000005e2      0x221 adc_dma.o
                                0x3f8 (size before relaxing)
 .debug_str     0x00000803      0x265 system.o
                                0x5a1 (size before relaxing)
 .debug_str     0x00000a68       0xa5 startup.o
                                0x14c (size before relaxing)

.comment        0x00000000       0x6e
 .comment       0x00000000       0x6e main.o
                                 0x6f (size before relaxing)
 .comment       0x0000006e       0x6f dsp.o
 .comment       0x0000006e       0x6f cos_tb.o
 .comment       0x0000006e       0x6f adc_dma.o
 .comment       0x0000006e       0x6f system.o
 .comment       0x0000006e       0x6f startup.o

.ARM.attributes
                0x00000000       0x33
 .ARM.attributes
                0x00000000       0x33 main.o
 .ARM.attributes
                0x00000033       0x33 dsp.o
 .ARM.attributes
                0x00000066       0x33 cos_tb.o
 .ARM.attributes
                0x00000099       0x33 adc_dma.o
 .ARM.attributes
                0x000000cc       0x33 system.o
 .ARM.attributes
                0x000000ff       0x33 startup.o

.debug_frame    0x00000000      0x660
 .debug_frame   0x00000000      0x278 main.o
 .debug_frame   0x00000278      0x1d8 dsp.o
 .debug_frame   0x00000450       0xac adc_dma.o
 .debug_frame   0x000004fc      0x118 system.o
 .debug_frame   0x00000614       0x4c startup.o

.debug_loc      0x00000000     0x1b42
 .debug_loc     0x00000000     0x1b42 dsp.o

.debug_ranges   0x00000000      0x120
 .debug_ranges  0x00000000      0x120 dsp.o
