
Memory Configuration

Name             Origin             Length             Attributes
FLASH            0x08000000         0x00020000         xr
SRAM             0x20000000         0x00008000         xrw
*default*        0x00000000         0xffffffff

Linker script and memory map


.text           0x08000000     0x2878
                0x08000000                . = ALIGN (0x4)
 *(.interrupt_vector)
 .interrupt_vector
                0x08000000       0xc0 startup.o
                0x08000000                table_interrupt_vector
 *(.text)
 .text          0x080000c0      0x718 main.o
                0x080000e0                sleep
                0x08000110                ssi_init
                0x08000154                b2g
                0x08000170                g2b
                0x080001a4                enc_crc
                0x080001f8                dac_init
                0x0800023c                Timer1_IRQHandler
                0x08000254                Timer3_IRQHandler
                0x08000270                get_phase
                0x0800045c                update_refposition
                0x080004ec                main
 .text          0x080007d8      0x8f4 dsp.o
                0x080007d8                mycos
                0x080007e8                mysin
                0x080007fc                reg_init
                0x08000808                reg_update
                0x08000834                dot3
                0x08000854                abc_to_dq
                0x080008d0                dq_to_abc
                0x0800094c                cord_atan
                0x08000ab4                sinpwm
                0x08000c84                svpwm
                0x08000f78                encoder_init
                0x08000f84                get_speed
                0x08000fe8                mfilter
                0x0800100c                rfilter1
                0x0800106c                rfilter2
 .text          0x080010cc        0x0 cos_tb.o
 .text          0x080010cc      0x140 adc_dma.o
                0x080010cc                adc_init
                0x0800111c                dma_init
                0x08001198                adc_dma_init
                0x080011a8                adc_dma_start
                0x080011d0                adc_dma_wait
 .text          0x0800120c      0x5c0 system.o
                0x0800123c                PortConfig
                0x080013d0                ClkConfig
                0x0800143c                TimerConfig
                0x08001678                uart_init
                0x08001714                system_init
                0x0800172c                SysTick_Handler
                0x08001748                UART1_IRQHandler
 .text          0x080017cc       0x68 startup.o
                0x080017cc                Reset_Handler
                0x080017cc                handler_reset
                0x0800182c                DebugMon_Handler
                0x0800182c                HardFault_Handler
                0x0800182c                EXT_INT1_IRQHandler
                0x0800182c                PendSV_Handler
                0x0800182c                NMI_Handler
                0x0800182c                CAN1_IRQHandler
                0x0800182c                COMPARATOR_IRQHandler
                0x0800182c                POWER_IRQHandler
                0x0800182c                UsageFault_Handler
                0x0800182c                default_handler
                0x0800182c                BACKUP_IRQHandler
                0x0800182c                UART2_IRQHandler
                0x0800182c                Timer2_IRQHandler
                0x0800182c                EXT_INT2_IRQHandler
                0x0800182c                ADC_IRQHandler
                0x0800182c                SSP1_IRQHandler
                0x0800182c                USB_IRQHandler
                0x0800182c                EXT_INT3_IRQHandler
                0x0800182c                I2C_IRQHandler
                0x0800182c                MemManage_Handler
                0x0800182c                EXT_INT4_IRQHandler
                0x0800182c                SVC_Handler
                0x0800182c                WWDG_IRQHandler
                0x0800182c                SSP2_IRQHandler
                0x0800182c                DMA_IRQHandler
                0x0800182c                CAN2_IRQHandler
                0x0800182c                BusFault_Handler
 *(.text*)
 *(.rodata)
 .rodata        0x08001834       0x40 dsp.o
 .rodata        0x08001874     0x1000 cos_tb.o
                0x08001874                cos_tb
 .rodata        0x08002874        0x4 system.o
                0x08002874                PWM_MASK
 *(.rodata*)
                0x08002878                . = ALIGN (0x4)
                0x08002878                _data_flash = .

.glue_7         0x08002878        0x0
 .glue_7        0x08002878        0x0 linker stubs

.glue_7t        0x08002878        0x0
 .glue_7t       0x08002878        0x0 linker stubs

.vfp11_veneer   0x08002878        0x0
 .vfp11_veneer  0x08002878        0x0 linker stubs

.v4_bx          0x08002878        0x0
 .v4_bx         0x08002878        0x0 linker stubs

.iplt           0x08002878        0x0
 .iplt          0x08002878        0x0 main.o

.rel.dyn        0x08002878        0x0
 .rel.iplt      0x08002878        0x0 main.o

.data           0x20000000        0x0 load address 0x08002878
                0x20000000                . = ALIGN (0x4)
                0x20000000                _data_begin = .
 *(.data)
 .data          0x20000000        0x0 main.o
 .data          0x20000000        0x0 dsp.o
 .data          0x20000000        0x0 cos_tb.o
 .data          0x20000000        0x0 adc_dma.o
 .data          0x20000000        0x0 system.o
 .data          0x20000000        0x0 startup.o
 *(.data*)
                0x20000000                . = ALIGN (0x4)
                0x20000000                _data_end = .

.igot.plt       0x20000000        0x0 load address 0x08002878
 .igot.plt      0x20000000        0x0 main.o

.dma_sec        0x20000000      0x220 load address 0x08002878
 .dma_sec       0x20000000      0x220 adc_dma.o
                0x20000000                dma_ctr_str
                0x20000200                adc_dma_buffer

.bss            0x20000220     0x1084 load address 0x08002a98
                0x20000220                . = ALIGN (0x4)
                0x20000220                _bss_begin = .
                0x20000220                __bss_start__ = _bss_begin
 *(.bss)
 .bss           0x20000220       0x40 main.o
                0x20000220                refpos
                0x20000224                reflinpos
                0x20000228                startlinpos
                0x2000022c                startphase
                0x20000230                linpos
                0x20000234                tcnt
                0x20000238                tpll
                0x2000023c                fpll
                0x20000240                ttlm
                0x20000244                position
                0x20000248                encoder_code
                0x2000024c                pcurrent
                0x20000250                telemetry
 .bss           0x20000260     0x102c dsp.o
 .bss           0x2000128c        0x0 cos_tb.o
 .bss           0x2000128c        0x0 adc_dma.o
 .bss           0x2000128c       0x18 system.o
                0x2000128c                system_time
                0x20001290                uart_buf
                0x200012a0                uart_rxidx
 .bss           0x200012a4        0x0 startup.o
 *(.bss*)
 *(COMMON)
                0x200012a4                . = ALIGN (0x4)
                0x200012a4                _bss_end = .
                0x200012a4                __bss_end__ = _bss_end
                0x00000400                _stack_size = 0x400
                0x20008000                _stack_end = (ORIGIN (SRAM) + LENGTH (SRAM))
                0x20007c00                _stack_begin = (_stack_end - _stack_size)
                0x20007c00                . = _stack_begin

._stack         0x200012a4      0x400 load address 0x08003b1c
                0x200016a4                . = (. + _stack_size)
 *fill*         0x200012a4      0x400 
LOAD main.o
LOAD dsp.o
LOAD cos_tb.o
LOAD adc_dma.o
LOAD system.o
LOAD startup.o
OUTPUT(blink.elf elf32-littlearm)

.debug_info     0x00000000     0x2219
 .debug_info    0x00000000      0xb23 main.o
 .debug_info    0x00000b23      0x996 dsp.o
 .debug_info    0x000014b9       0x97 cos_tb.o
 .debug_info    0x00001550      0x3cb adc_dma.o
 .debug_info    0x0000191b      0x80d system.o
 .debug_info    0x00002128       0xf1 startup.o

.debug_abbrev   0x00000000      0x8ab
 .debug_abbrev  0x00000000      0x260 main.o
 .debug_abbrev  0x00000260      0x246 dsp.o
 .debug_abbrev  0x000004a6       0x75 cos_tb.o
 .debug_abbrev  0x0000051b      0x10e adc_dma.o
 .debug_abbrev  0x00000629      0x1d7 system.o
 .debug_abbrev  0x00000800       0xab startup.o

.debug_aranges  0x00000000       0xb8
 .debug_aranges
                0x00000000       0x20 main.o
 .debug_aranges
                0x00000020       0x20 dsp.o
 .debug_aranges
                0x00000040       0x18 cos_tb.o
 .debug_aranges
                0x00000058       0x20 adc_dma.o
 .debug_aranges
                0x00000078       0x20 system.o
 .debug_aranges
                0x00000098       0x20 startup.o

.debug_line     0x00000000      0x862
 .debug_line    0x00000000      0x1eb main.o
 .debug_line    0x000001eb      0x387 dsp.o
 .debug_line    0x00000572       0x66 cos_tb.o
 .debug_line    0x000005d8       0xde adc_dma.o
 .debug_line    0x000006b6      0x15c system.o
 .debug_line    0x00000812       0x50 startup.o

.debug_str      0x00000000      0xb1e
 .debug_str     0x00000000      0x4ab main.o
                                0x511 (size before relaxing)
 .debug_str     0x000004ab      0x136 dsp.o
                                0x1de (size before relaxing)
 .debug_str     0x000005e1        0x9 cos_tb.o
                                0x110 (size before relaxing)
 .debug_str     0x000005ea      0x221 adc_dma.o
                                0x3f8 (size before relaxing)
 .debug_str     0x0000080b      0x26e system.o
                                0x5aa (size before relaxing)
 .debug_str     0x00000a79       0xa5 startup.o
                                0x14c (size before relaxing)

.comment        0x00000000       0x6e
 .comment       0x00000000       0x6e main.o
                                 0x6f (size before relaxing)
 .comment       0x0000006e       0x6f dsp.o
 .comment       0x0000006e       0x6f cos_tb.o
 .comment       0x0000006e       0x6f adc_dma.o
 .comment       0x0000006e       0x6f system.o
 .comment       0x0000006e       0x6f startup.o

.ARM.attributes
                0x00000000       0x33
 .ARM.attributes
                0x00000000       0x33 main.o
 .ARM.attributes
                0x00000033       0x33 dsp.o
 .ARM.attributes
                0x00000066       0x33 cos_tb.o
 .ARM.attributes
                0x00000099       0x33 adc_dma.o
 .ARM.attributes
                0x000000cc       0x33 system.o
 .ARM.attributes
                0x000000ff       0x33 startup.o

.debug_frame    0x00000000      0x660
 .debug_frame   0x00000000      0x278 main.o
 .debug_frame   0x00000278      0x1d8 dsp.o
 .debug_frame   0x00000450       0xac adc_dma.o
 .debug_frame   0x000004fc      0x118 system.o
 .debug_frame   0x00000614       0x4c startup.o

.debug_loc      0x00000000     0x1b82
 .debug_loc     0x00000000     0x1b82 dsp.o

.debug_ranges   0x00000000      0x120
 .debug_ranges  0x00000000      0x120 dsp.o
